✔ an attempted failed settlement returns reconciliation instead of another payment challenge (16.8496ms)
✔ Base challenge exposes body replay fields without changing payment terms or settling (5.2462ms)
✔ missing HTTP replay values reproduce the live rejection before payment verification (2.1363ms)
✔ explicit HTTP replay values pass real validation without settlement (2.6192ms)
✔ a durable claim must commit before settlement; uncertain commit is never retried (5.1736ms)
✔ concurrent and subsequent identical requests have only one settlement attempt (5.8183ms)
✔ settlement interruption or lost settlement write leaves a blocking durable attempt (6.4063ms)
✔ the same authorization cannot be rebound to changed business inputs (2.9872ms)
✔ missing stable authorization identity is rejected before settlement (0.9304ms)
✔ a reconstructed coordinator retains the claim and rejects stale or conflicting settlement writers (5.0347ms)
✔ Base handler verifies, settles once and only then delivers bound metadata (2.0178ms)
✔ preflight rejection, included PREPARE and service outage never settle (5.5256ms)
✔ unpaid and unprotected Base requests cannot reach settlement or delivery (0.6906ms)
✔ crossed network, token, seller, scheme or amount stops before settlement (1.4956ms)
✔ conflicting or incomplete successful settlement cannot deliver research (5.2678ms)
✔ settlement timeout and post-settlement storage failure stop without automatic retry or error leakage (2.815ms)
✔ durable replay keeps the existing delivery and rejects altered buyer, lane, or request (5.0401ms)
✔ durable payment identity compares address and transaction case without renewing delivery (0.9855ms)
✔ finalized Base proof binds the exact EIP-3009 nonce and transfer without any write RPC (18.5287ms)
✔ recovery rejects wrong chain (2.6171ms)
✔ recovery rejects wrong payment network (1.6014ms)
✔ recovery rejects wrong token (1.7792ms)
✔ recovery rejects wrong fixed fee (1.5596ms)
✔ recovery rejects conflicting prior transaction (1.5665ms)
✔ recovery rejects reverted receipt (1.7289ms)
✔ recovery rejects wrong receipt transaction (1.7804ms)
✔ recovery rejects unfinalized receipt (1.7292ms)
✔ recovery rejects missing finalized block (1.9987ms)
✔ recovery rejects conflicting finality hash (1.3409ms)
✔ recovery rejects noncanonical block (1.5162ms)
✔ recovery rejects wrong canonical height (1.2519ms)
✔ recovery rejects absent canonical transaction (1.1728ms)
✔ recovery rejects wrong canonical transaction index (1.2798ms)
✔ recovery rejects ambiguous canonical transaction (1.2573ms)
✔ recovery rejects noncanonical hex height (1.4807ms)
✔ recovery rejects missing logs (1.318ms)
✔ recovery rejects transfer alone (1.3589ms)
✔ recovery rejects additional USDC transfer (1.3444ms)
✔ recovery rejects counterfeit token logs (1.2821ms)
✔ recovery rejects cancelled authorization (1.9226ms)
✔ recovery rejects wrong authorization buyer (2.2826ms)
✔ recovery rejects wrong nonce (2.164ms)
✔ recovery rejects nonempty authorization data (1.4611ms)
✔ recovery rejects wrong transfer buyer (1.4559ms)
✔ recovery rejects wrong transfer seller (1.688ms)
✔ recovery rejects wrong transfer amount (1.3724ms)
✔ recovery rejects truncated amount (1.5996ms)
✔ recovery rejects removed log (1.3364ms)
✔ recovery rejects missing removed evidence (1.1417ms)
✔ recovery rejects different log transaction (1.3503ms)
✔ recovery rejects different log block (0.9662ms)
✔ recovery rejects different log height (0.8764ms)
✔ recovery rejects different log transaction index (1.0217ms)
✔ recovery rejects duplicate log index (1.3279ms)
✔ recovery rejects nonadjacent transfer (1.3369ms)
✔ recovery rejects extra event topic (1.0671ms)
✔ recovery repairs only the original analysis and concurrent retries preserve its existing delivery (9.6884ms)
✔ recovery can resume after failAttempt without resetting the claim or charging (3.7918ms)
✔ recovery can resume after loseAttemptAck without resetting the claim or charging (3.1633ms)
✔ recovery can resume after failBind without resetting the claim or charging (3.6971ms)
✔ recovery can resume after loseBindAck without resetting the claim or charging (4.8542ms)
✔ recovery stops on missing/corrupt records and stale claims after chain verification (3.0727ms)
✔ invalid evidence never mutates either store or creates a paid delivery (2.3892ms)
✔ method, input and readiness gates stop before storage or RPC (1.5346ms)
✔ read-only RPC transport validates envelopes, disables redirects and bounds responses (34.2519ms)
✔ paid processing and failures never request repayment or authorize a trade (14.4518ms)
✔ preview prompt requires completed unexpired approval and preserves original result (2.9872ms)
{}{"ok":true,"data":{"order_id":"bad"}}✔ crash after durable claim blocks same and different IDs across restart (26.586ms)
✔ confirmed submission records order and permanently blocks duplicate ID (35.4922ms)
✔ timeout, process kill and ambiguous output retain guard and never rerun (69.2194ms)
{
  "ok": true,
  "data": {
    "order_id": "0x1212121212121212121212121212121212121212121212121212121212121212"
  }
}✔ two independent processes cannot both claim submission (1055.0171ms)
✔ guard injects an exact portable pre-submit binding path into WSL (17.3796ms)
✔ native pretty-printed success records once and blocks duplicate execution (21.542ms)
✔ recover exact finalized BUY and SELL fills including fees (65.0587ms)
✔ open and explicitly canceled orders resolve without pretending a fill (33.27ms)
✔ not found, timeout, unknown status and wrong order identity remain unresolved (54.9078ms)
✔ failed, unfinalized, reorged, missing and duplicate receipts cannot clear recovery (71.8215ms)
✔ verified recovery persists receipt before clearing guard and never replays same ID (68.6295ms)
✔ running submitter and uncertain provider retain the durable pending guard (40.3439ms)
✔ missing pre-submit binding cannot be treated as proof of no submission (25.6907ms)
✔ absent order recovers only a fully accounted finalized exact-order history (18.7641ms)
✔ a successful-looking response with a different order hash retains the guard (19.8958ms)
✔ recovery CLI finishes module evaluation before a cyclic memory import (527.3463ms)
{"syntheticOnly":true,"realSdk":true,"freshNodeProcess":true,"memoryOnlyRetryVerified":true,"duplicateCaptureVerified":true,"missingMemoryBlocks":true,"restoredMemoryRecalls":true,"decision":"LOCAL_MEMORY_RECONCILIATION_REQUIRED","orderSubmitted":false}
✔ verified BUY and SELL projections retain local provenance and no governed authority (104.7923ms)
✔ memory rejects incomplete canonical evidence and nonterminal orders (78.3611ms)
✔ capture is idempotent and recall changes decision without granting authority (95.2461ms)
✔ capture outage retains inventory and prevents empty-history success (60.6702ms)
✔ uncaptured execution and changed binding block recall (59.2127ms)
✔ real SDK capture and separate Node process recall with synthetic finalized evidence (8884.6813ms)
✔ conflicting verified fee cannot overwrite a captured projection (65.8108ms)
✔ absent first-use ledger is explicit incomplete history, never silent empty success (3.0902ms)
✔ stored provider-failure proof is degraded, not successful research (4.7456ms)
✔ available research and in-progress delivery retain their state (0.628ms)
ℹ tests 93
ℹ suites 0
ℹ pass 93
ℹ fail 0
ℹ cancelled 0
ℹ skipped 0
ℹ todo 0
ℹ duration_ms 13644.9049
